INFO 2026-01-15 16:30:23,706 tasks 33304 26612 Loaded dataset from C:\Projects\intell\backend\media\datasets\espacenet_excel_3ef8a9a5.json (1902 chars)
INFO 2026-01-15 16:30:29,500 tasks 33304 26612 Description task 35 completed successfully with model: openai/gpt-4.1-mini-2025-04-14, provider: litellm
INFO 2026-01-15 16:30:29,503 tasks 33304 26612 Description task 35 after save - model_used: openai/gpt-4.1-mini-2025-04-14, provider_used: litellm
WARNING 2026-01-16 15:00:18,444 apps 34516 29708 Django apps not ready after 5.0s, skipping database check
INFO 2026-01-16 15:00:30,725 apps 30384 26744 Waiting for database connection (timeout: 30.0s)...
WARNING 2026-01-16 15:01:18,536 apps 30384 26744 Database not available after 30.0s. Server will start but database operations may fail.
INFO 2026-01-16 15:29:04,630 apps 29388 32492 Waiting for database connection (timeout: 30.0s)...
WARNING 2026-01-16 15:29:37,351 apps 29388 32492 Database not available after 30.0s. Server will start but database operations may fail.
WARNING 2026-01-16 15:35:23,445 apps 29416 12388 Django apps not ready after 5.0s, skipping database check
INFO 2026-01-16 15:35:25,271 apps 19036 33104 Waiting for database connection (timeout: 30.0s)...
INFO 2026-01-16 15:35:25,337 apps 19036 33104 Database connection established successfully
INFO 2026-01-16 15:38:00,186 apps 27444 27452 Waiting for database connection (timeout: 30.0s)...
INFO 2026-01-16 15:38:00,221 apps 27444 27452 Database connection established successfully
INFO 2026-01-16 15:38:03,732 apps 12548 25216 Waiting for database connection (timeout: 30.0s)...
INFO 2026-01-16 15:38:03,768 apps 12548 25216 Database connection established successfully
INFO 2026-01-16 15:38:09,269 views_microsoft 12548 13580 Microsoft OAuth2: initiating login flow
INFO 2026-01-16 15:38:13,563 microsoft 12548 25000 Microsoft login: created new user felipe.mendieta@cedia.org.ec
INFO 2026-01-16 15:38:13,578 views_microsoft 12548 25000 Microsoft OAuth2: successful login for felipe.mendieta@cedia.org.ec
INFO 2026-01-16 15:38:37,909 views 12548 29284 Job 1 created successfully with 8 image tasks
INFO 2026-01-16 15:39:14,047 tasks 19036 7820 Loaded dataset from C:\Projects\intell\backend\media\datasets\espacenet_excel_c5522fbf.json (10983 chars)
INFO 2026-01-16 15:39:34,162 tasks 19036 7820 Description task 1 completed successfully with model: openai/gpt-4.1-mini-2025-04-14, provider: litellm
INFO 2026-01-16 15:39:34,165 tasks 19036 7820 Description task 1 after save - model_used: openai/gpt-4.1-mini-2025-04-14, provider_used: litellm
WARNING 2026-01-16 15:43:21,329 apps 31164 31792 Django apps not ready after 5.0s, skipping database check
INFO 2026-01-16 15:43:59,629 apps 30244 27856 Waiting for database connection (timeout: 30.0s)...
INFO 2026-01-16 15:43:59,668 apps 30244 27856 Database connection established successfully
INFO 2026-01-16 15:44:04,446 views 30244 15384 Job 2 created successfully with 8 image tasks
INFO 2026-01-16 15:44:37,330 tasks 19036 7820 Loaded dataset from C:\Projects\intell\backend\media\datasets\espacenet_excel_396178cb.json (25683 chars)
INFO 2026-01-16 15:44:41,281 tasks 19036 7820 Description task 2 completed successfully with model: openai/gpt-4.1-mini-2025-04-14, provider: litellm
INFO 2026-01-16 15:44:41,284 tasks 19036 7820 Description task 2 after save - model_used: openai/gpt-4.1-mini-2025-04-14, provider_used: litellm
INFO 2026-01-16 15:45:32,006 views 30244 14756 Job 3 created successfully with 8 image tasks
INFO 2026-01-16 15:46:59,608 tasks 19036 7820 Loaded dataset from C:\Projects\intell\backend\media\datasets\espacenet_excel_a82225f7.json (25683 chars)
INFO 2026-01-16 15:47:03,393 tasks 19036 7820 Description task 3 completed successfully with model: openai/gpt-4.1-mini-2025-04-14, provider: litellm
INFO 2026-01-16 15:47:03,397 tasks 19036 7820 Description task 3 after save - model_used: openai/gpt-4.1-mini-2025-04-14, provider_used: litellm
INFO 2026-01-16 15:50:57,477 apps 33696 34584 Waiting for database connection (timeout: 30.0s)...
INFO 2026-01-16 15:50:57,526 apps 33696 34584 Database connection established successfully
INFO 2026-01-16 15:51:27,816 apps 31996 14384 Waiting for database connection (timeout: 30.0s)...
INFO 2026-01-16 15:51:27,859 apps 31996 14384 Database connection established successfully
INFO 2026-01-16 15:51:29,900 apps 23152 32860 Waiting for database connection (timeout: 30.0s)...
INFO 2026-01-16 15:51:29,950 apps 23152 32860 Database connection established successfully
INFO 2026-01-16 15:52:08,226 views 31996 30864 Job 4 created successfully with 2 image tasks
INFO 2026-01-16 15:52:29,311 tasks 23152 19020 Loaded dataset from C:\Projects\intell\backend\media\datasets\espacenet_excel_cbb4ab82.json (1902 chars)
INFO 2026-01-16 15:52:37,688 tasks 23152 19020 Description task 4 completed successfully with model: openai/gpt-4.1-mini-2025-04-14, provider: litellm
INFO 2026-01-16 15:52:37,692 tasks 23152 19020 Description task 4 after save - model_used: openai/gpt-4.1-mini-2025-04-14, provider_used: litellm
INFO 2026-01-16 15:55:25,631 apps 33004 15120 Waiting for database connection (timeout: 30.0s)...
INFO 2026-01-16 15:55:25,682 apps 33004 15120 Database connection established successfully
INFO 2026-01-16 15:55:29,312 apps 13548 29156 Waiting for database connection (timeout: 30.0s)...
INFO 2026-01-16 15:55:29,362 apps 13548 29156 Database connection established successfully
WARNING 2026-01-16 15:55:46,439 runserver 13548 27600 [31;1mHTTP GET /api/auth/me/ 403 [0.02, 127.0.0.1:61146][0m
WARNING 2026-01-16 15:55:49,324 runserver 13548 27600 [31;1mHTTP GET /api/auth/me/ 403 [0.03, 127.0.0.1:61146][0m
INFO 2026-01-16 15:55:53,032 apps 28992 29148 Waiting for database connection (timeout: 30.0s)...
INFO 2026-01-16 15:55:53,081 apps 28992 29148 Database connection established successfully
INFO 2026-01-16 16:08:13,393 views 13548 18160 Job 5 created successfully with 8 image tasks
WARNING 2026-01-19 11:58:36,518 apps 19612 6528 Django apps not ready after 5.0s, skipping database check
INFO 2026-01-19 11:58:48,992 apps 17448 8328 Waiting for database connection (timeout: 30.0s)...
WARNING 2026-01-19 11:59:27,453 apps 17448 8328 Database not available after 30.0s. Server will start but database operations may fail.
INFO 2026-01-19 12:00:16,681 apps 11940 9196 Waiting for database connection (timeout: 30.0s)...
INFO 2026-01-19 12:00:16,727 apps 11940 9196 Database connection established successfully
INFO 2026-01-19 12:00:20,663 apps 6356 16252 Waiting for database connection (timeout: 30.0s)...
INFO 2026-01-19 12:00:20,695 apps 6356 16252 Database connection established successfully
INFO 2026-01-19 12:02:58,349 apps 30808 33520 Waiting for database connection (timeout: 30.0s)...
INFO 2026-01-19 12:02:58,388 apps 30808 33520 Database connection established successfully
ERROR 2026-01-19 12:03:43,122 views 30808 6724 Unexpected error during job creation
Traceback (most recent call last):
  File "C:\Projects\intell\backend\apps\jobs\views.py", line 215, in create
    temp_path.rename(excel_path)
    ~~~~~~~~~~~~~~~~^^^^^^^^^^^^
  File "C:\Program Files\WindowsApps\PythonSoftwareFoundation.Python.3.13_3.13.2544.0_x64__qbz5n2kfra8p0\Lib\pathlib\_local.py", line 767, in rename
    os.rename(self, target)
    ~~~~~~~~~^^^^^^^^^^^^^^
PermissionError: [WinError 32] The process cannot access the file because it is being used by another process: 'C:\\Projects\\intell\\backend\\media\\temp\\temp_1e22ef5d.xlsx' -> 'C:\\Projects\\intell\\backend\\media\\uploads\\excel\\excel_65a904b0.xlsx'
ERROR 2026-01-19 12:03:43,137 log 30808 8128 Internal Server Error: /api/jobs/
ERROR 2026-01-19 12:03:43,139 runserver 30808 30288 [35;1mHTTP POST /api/jobs/ 500 [0.16, 127.0.0.1:60075][0m
INFO 2026-01-19 12:04:15,778 apps 25076 29460 Waiting for database connection (timeout: 30.0s)...
INFO 2026-01-19 12:04:15,838 apps 25076 29460 Database connection established successfully
ERROR 2026-01-19 12:04:28,047 views 30808 33468 Unexpected error during job creation
Traceback (most recent call last):
  File "C:\Projects\intell\backend\apps\jobs\views.py", line 215, in create
    temp_path.rename(excel_path)
    ~~~~~~~~~~~~~~~~^^^^^^^^^^^^
  File "C:\Program Files\WindowsApps\PythonSoftwareFoundation.Python.3.13_3.13.2544.0_x64__qbz5n2kfra8p0\Lib\pathlib\_local.py", line 767, in rename
    os.rename(self, target)
    ~~~~~~~~~^^^^^^^^^^^^^^
PermissionError: [WinError 32] The process cannot access the file because it is being used by another process: 'C:\\Projects\\intell\\backend\\media\\temp\\temp_c53bc4fd.xlsx' -> 'C:\\Projects\\intell\\backend\\media\\uploads\\excel\\excel_66bf5782.xlsx'
ERROR 2026-01-19 12:04:28,054 log 30808 8128 Internal Server Error: /api/jobs/
ERROR 2026-01-19 12:04:28,055 runserver 30808 30288 [35;1mHTTP POST /api/jobs/ 500 [0.16, 127.0.0.1:60075][0m
INFO 2026-01-19 12:04:41,299 apps 6132 9248 Waiting for database connection (timeout: 30.0s)...
INFO 2026-01-19 12:04:41,337 apps 6132 9248 Database connection established successfully
INFO 2026-01-19 12:04:57,748 apps 29824 32300 Waiting for database connection (timeout: 30.0s)...
INFO 2026-01-19 12:04:57,790 apps 29824 32300 Database connection established successfully
ERROR 2026-01-19 12:07:26,777 views 29824 4844 Failed to move Excel file from temp to permanent location: [WinError 32] The process cannot access the file because it is being used by another process: 'C:\\Projects\\intell\\backend\\media\\temp\\temp_0de1b6c3.xlsx'
ERROR 2026-01-19 12:07:26,840 log 29824 12772 Internal Server Error: /api/jobs/
ERROR 2026-01-19 12:07:26,840 views 29824 3384 Failed to move Excel file from temp to permanent location: [WinError 32] The process cannot access the file because it is being used by another process: 'C:\\Projects\\intell\\backend\\media\\temp\\temp_47b035d3.xlsx'
ERROR 2026-01-19 12:07:26,841 runserver 29824 31104 [35;1mHTTP POST /api/jobs/ 500 [0.38, 127.0.0.1:64054][0m
ERROR 2026-01-19 12:07:26,849 log 29824 12772 Internal Server Error: /api/jobs/
ERROR 2026-01-19 12:07:26,850 runserver 29824 31104 [35;1mHTTP POST /api/jobs/ 500 [0.39, 127.0.0.1:65272][0m
INFO 2026-01-19 12:08:17,063 apps 544 29156 Waiting for database connection (timeout: 30.0s)...
INFO 2026-01-19 12:08:17,102 apps 544 29156 Database connection established successfully
INFO 2026-01-19 12:08:26,883 apps 22548 30952 Waiting for database connection (timeout: 30.0s)...
INFO 2026-01-19 12:08:26,923 apps 22548 30952 Database connection established successfully
INFO 2026-01-19 12:08:37,799 apps 31264 19320 Waiting for database connection (timeout: 30.0s)...
INFO 2026-01-19 12:08:37,858 apps 31264 19320 Database connection established successfully
INFO 2026-01-19 12:08:44,978 views 31264 15256 Job 6 created successfully with 1 image tasks
ERROR 2026-01-19 12:08:44,990 views 31264 33352 Unexpected error during job creation: duplicate key value violates unique constraint "unique_job_idempotency_scoped"
DETAIL:  Key (created_by_id, idempotency_key)=(1, job_1768842524013_4tdvrlyoy) already exists.
Traceback (most recent call last):
  File "C:\Projects\intell\.venv\Lib\site-packages\django\db\backends\utils.py", line 105, in _execute
    return self.cursor.execute(sql, params)
           ~~~~~~~~~~~~~~~~~~~^^^^^^^^^^^^^
psycopg2.errors.UniqueViolation: duplicate key value violates unique constraint "unique_job_idempotency_scoped"
DETAIL:  Key (created_by_id, idempotency_key)=(1, job_1768842524013_4tdvrlyoy) already exists.


The above exception was the direct cause of the following exception:

Traceback (most recent call last):
  File "C:\Projects\intell\backend\apps\jobs\views.py", line 329, in create
    job = Job.objects.create(
        dataset=main_dataset,
    ...<3 lines>...
        status=Job.Status.PENDING
    )
  File "C:\Projects\intell\.venv\Lib\site-packages\django\db\models\manager.py", line 87, in manager_method
    return getattr(self.get_queryset(), name)(*args, **kwargs)
           ~~~~~~~~~~~~~~~~~~~~~~~~~~~~~~~~~~^^^^^^^^^^^^^^^^^
  File "C:\Projects\intell\.venv\Lib\site-packages\django\db\models\query.py", line 669, in create
    obj.save(force_insert=True, using=self.db)
    ~~~~~~~~^^^^^^^^^^^^^^^^^^^^^^^^^^^^^^^^^^
  File "C:\Projects\intell\.venv\Lib\site-packages\django\db\models\base.py", line 874, in save
    self.save_base(
    ~~~~~~~~~~~~~~^
        using=using,
        ^^^^^^^^^^^^
    ...<2 lines>...
        update_fields=update_fields,
        ^^^^^^^^^^^^^^^^^^^^^^^^^^^^
    )
    ^
  File "C:\Projects\intell\.venv\Lib\site-packages\django\db\models\base.py", line 966, in save_base
    updated = self._save_table(
        raw,
    ...<4 lines>...
        update_fields,
    )
  File "C:\Projects\intell\.venv\Lib\site-packages\django\db\models\base.py", line 1167, in _save_table
    results = self._do_insert(
        cls._base_manager, using, insert_fields, returning_fields, raw
    )
  File "C:\Projects\intell\.venv\Lib\site-packages\django\db\models\base.py", line 1218, in _do_insert
    return manager._insert(
           ~~~~~~~~~~~~~~~^
        [self],
        ^^^^^^^
    ...<3 lines>...
        raw=raw,
        ^^^^^^^^
    )
    ^
  File "C:\Projects\intell\.venv\Lib\site-packages\django\db\models\manager.py", line 87, in manager_method
    return getattr(self.get_queryset(), name)(*args, **kwargs)
           ~~~~~~~~~~~~~~~~~~~~~~~~~~~~~~~~~~^^^^^^^^^^^^^^^^^
  File "C:\Projects\intell\.venv\Lib\site-packages\django\db\models\query.py", line 1918, in _insert
    return query.get_compiler(using=using).execute_sql(returning_fields)
           ~~~~~~~~~~~~~~~~~~~~~~~~~~~~~~~~~~~~~~~~~~~^^^^^^^^^^^^^^^^^^
  File "C:\Projects\intell\.venv\Lib\site-packages\django\db\models\sql\compiler.py", line 1925, in execute_sql
    cursor.execute(sql, params)
    ~~~~~~~~~~~~~~^^^^^^^^^^^^^
  File "C:\Projects\intell\.venv\Lib\site-packages\django\db\backends\utils.py", line 122, in execute
    return super().execute(sql, params)
           ~~~~~~~~~~~~~~~^^^^^^^^^^^^^
  File "C:\Projects\intell\.venv\Lib\site-packages\django\db\backends\utils.py", line 79, in execute
    return self._execute_with_wrappers(
           ~~~~~~~~~~~~~~~~~~~~~~~~~~~^
        sql, params, many=False, executor=self._execute
        ^^^^^^^^^^^^^^^^^^^^^^^^^^^^^^^^^^^^^^^^^^^^^^^
    )
    ^
  File "C:\Projects\intell\.venv\Lib\site-packages\django\db\backends\utils.py", line 92, in _execute_with_wrappers
    return executor(sql, params, many, context)
  File "C:\Projects\intell\.venv\Lib\site-packages\django\db\backends\utils.py", line 100, in _execute
    with self.db.wrap_database_errors:
         ^^^^^^^^^^^^^^^^^^^^^^^^^^^^
  File "C:\Projects\intell\.venv\Lib\site-packages\django\db\utils.py", line 94, in __exit__
    raise dj_exc_value.with_traceback(traceback) from exc_value
  File "C:\Projects\intell\.venv\Lib\site-packages\django\db\backends\utils.py", line 105, in _execute
    return self.cursor.execute(sql, params)
           ~~~~~~~~~~~~~~~~~~~^^^^^^^^^^^^^
django.db.utils.IntegrityError: duplicate key value violates unique constraint "unique_job_idempotency_scoped"
DETAIL:  Key (created_by_id, idempotency_key)=(1, job_1768842524013_4tdvrlyoy) already exists.

ERROR 2026-01-19 12:08:45,108 log 31264 29960 Internal Server Error: /api/jobs/
ERROR 2026-01-19 12:08:45,110 runserver 31264 2260 [35;1mHTTP POST /api/jobs/ 500 [0.78, 127.0.0.1:62956][0m
INFO 2026-01-19 12:09:31,061 apps 1620 33336 Waiting for database connection (timeout: 30.0s)...
INFO 2026-01-19 12:09:31,102 apps 1620 33336 Database connection established successfully
INFO 2026-01-19 12:11:00,092 apps 34064 16720 Waiting for database connection (timeout: 30.0s)...
INFO 2026-01-19 12:11:00,154 apps 34064 16720 Database connection established successfully
WARNING 2026-01-19 12:11:39,760 apps 30808 19928 Django apps not ready after 5.0s, skipping database check
INFO 2026-01-19 12:11:56,258 views 30808 14256 Job 8 created successfully with 8 image tasks
INFO 2026-01-19 12:11:56,270 views 30808 14708 Job already exists (caught IntegrityError) for idempotency_key=job_1768842714177_evh5lm45g, returning existing job 8
INFO 2026-01-19 12:12:18,226 views 30808 31680 Job 10 created successfully with 8 image tasks
INFO 2026-01-19 12:12:18,235 views 30808 34348 Job already exists (caught IntegrityError) for idempotency_key=job_1768842736456_k61fhdu08, returning existing job 10
INFO 2026-01-19 12:12:32,756 views 30808 32316 Job 12 created successfully with 8 image tasks
INFO 2026-01-19 12:12:32,765 views 30808 29184 Job already exists (caught IntegrityError) for idempotency_key=job_1768842751320_1usuckzfq, returning existing job 12
ERROR 2026-01-19 16:06:43,702 log 30808 18516 Internal Server Error: /admin/
Traceback (most recent call last):
  File "C:\Projects\intell\.venv\Lib\site-packages\django\contrib\sessions\backends\base.py", line 246, in _get_session
    return self._session_cache
           ^^^^^^^^^^^^^^^^^^^
AttributeError: 'SessionStore' object has no attribute '_session_cache'

During handling of the above exception, another exception occurred:

Traceback (most recent call last):
  File "C:\Projects\intell\.venv\Lib\site-packages\asgiref\sync.py", line 555, in thread_handler
    raise exc_info[1]
  File "C:\Projects\intell\.venv\Lib\site-packages\django\core\handlers\exception.py", line 42, in inner
    response = await get_response(request)
               ^^^^^^^^^^^^^^^^^^^^^^^^^^^
  File "C:\Projects\intell\.venv\Lib\site-packages\asgiref\sync.py", line 555, in thread_handler
    raise exc_info[1]
  File "C:\Projects\intell\.venv\Lib\site-packages\django\core\handlers\base.py", line 254, in _get_response_async
    response = await wrapped_callback(
               ^^^^^^^^^^^^^^^^^^^^^^^
        request, *callback_args, **callback_kwargs
        ^^^^^^^^^^^^^^^^^^^^^^^^^^^^^^^^^^^^^^^^^^
    )
    ^
  File "C:\Projects\intell\.venv\Lib\site-packages\asgiref\sync.py", line 504, in __call__
    ret = await asyncio.shield(exec_coro)
          ^^^^^^^^^^^^^^^^^^^^^^^^^^^^^^^
  File "C:\Program Files\WindowsApps\PythonSoftwareFoundation.Python.3.13_3.13.2544.0_x64__qbz5n2kfra8p0\Lib\concurrent\futures\thread.py", line 59, in run
    result = self.fn(*self.args, **self.kwargs)
  File "C:\Projects\intell\.venv\Lib\site-packages\asgiref\sync.py", line 559, in thread_handler
    return func(*args, **kwargs)
  File "C:\Projects\intell\.venv\Lib\site-packages\django\contrib\admin\sites.py", line 266, in wrapper
    return self.admin_view(view, cacheable)(*args, **kwargs)
           ~~~~~~~~~~~~~~~~~~~~~~~~~~~~~~~~^^^^^^^^^^^^^^^^^
  File "C:\Projects\intell\.venv\Lib\site-packages\django\utils\decorators.py", line 192, in _view_wrapper
    result = _process_exception(request, e)
  File "C:\Projects\intell\.venv\Lib\site-packages\django\utils\decorators.py", line 190, in _view_wrapper
    response = view_func(request, *args, **kwargs)
  File "C:\Projects\intell\.venv\Lib\site-packages\django\views\decorators\cache.py", line 80, in _view_wrapper
    response = view_func(request, *args, **kwargs)
  File "C:\Projects\intell\.venv\Lib\site-packages\django\contrib\admin\sites.py", line 235, in inner
    if not self.has_permission(request):
           ~~~~~~~~~~~~~~~~~~~^^^^^^^^^
  File "C:\Projects\intell\.venv\Lib\site-packages\django\contrib\admin\sites.py", line 208, in has_permission
    return request.user.is_active and request.user.is_staff
           ^^^^^^^^^^^^^^^^^^^^^^
  File "C:\Projects\intell\.venv\Lib\site-packages\django\utils\functional.py", line 251, in inner
    self._setup()
    ~~~~~~~~~~~^^
  File "C:\Projects\intell\.venv\Lib\site-packages\django\utils\functional.py", line 404, in _setup
    self._wrapped = self._setupfunc()
                    ~~~~~~~~~~~~~~~^^
  File "C:\Projects\intell\.venv\Lib\site-packages\django\contrib\auth\middleware.py", line 40, in <lambda>
    request.user = SimpleLazyObject(lambda: get_user(request))
                                            ~~~~~~~~^^^^^^^^^
  File "C:\Projects\intell\.venv\Lib\site-packages\django\contrib\auth\middleware.py", line 20, in get_user
    request._cached_user = auth.get_user(request)
                           ~~~~~~~~~~~~~^^^^^^^^^
  File "C:\Projects\intell\.venv\Lib\site-packages\django\contrib\auth\__init__.py", line 311, in get_user
    user_id = _get_user_session_key(request)
  File "C:\Projects\intell\.venv\Lib\site-packages\django\contrib\auth\__init__.py", line 95, in _get_user_session_key
    return get_user_model()._meta.pk.to_python(request.session[SESSION_KEY])
                                               ~~~~~~~~~~~~~~~^^^^^^^^^^^^^
  File "C:\Projects\intell\.venv\Lib\site-packages\django\contrib\sessions\backends\base.py", line 55, in __getitem__
    return self._session[key]
           ^^^^^^^^^^^^^
  File "C:\Projects\intell\.venv\Lib\site-packages\django\contrib\sessions\backends\base.py", line 251, in _get_session
    self._session_cache = self.load()
                          ~~~~~~~~~^^
  File "C:\Projects\intell\.venv\Lib\site-packages\django\contrib\sessions\backends\db.py", line 55, in load
    s = self._get_session_from_db()
  File "C:\Projects\intell\.venv\Lib\site-packages\django\contrib\sessions\backends\db.py", line 34, in _get_session_from_db
    return self.model.objects.get(
           ~~~~~~~~~~~~~~~~~~~~~~^
        session_key=self.session_key, expire_date__gt=timezone.now()
        ^^^^^^^^^^^^^^^^^^^^^^^^^^^^^^^^^^^^^^^^^^^^^^^^^^^^^^^^^^^^
    )
    ^
  File "C:\Projects\intell\.venv\Lib\site-packages\django\db\models\manager.py", line 87, in manager_method
    return getattr(self.get_queryset(), name)(*args, **kwargs)
           ~~~~~~~~~~~~~~~~~~~~~~~~~~~~~~~~~~^^^^^^^^^^^^^^^^^
  File "C:\Projects\intell\.venv\Lib\site-packages\django\db\models\query.py", line 635, in get
    num = len(clone)
  File "C:\Projects\intell\.venv\Lib\site-packages\django\db\models\query.py", line 372, in __len__
    self._fetch_all()
    ~~~~~~~~~~~~~~~^^
  File "C:\Projects\intell\.venv\Lib\site-packages\django\db\models\query.py", line 2000, in _fetch_all
    self._result_cache = list(self._iterable_class(self))
                         ~~~~^^^^^^^^^^^^^^^^^^^^^^^^^^^^
  File "C:\Projects\intell\.venv\Lib\site-packages\django\db\models\query.py", line 95, in __iter__
    results = compiler.execute_sql(
        chunked_fetch=self.chunked_fetch, chunk_size=self.chunk_size
    )
  File "C:\Projects\intell\.venv\Lib\site-packages\django\db\models\sql\compiler.py", line 1622, in execute_sql
    cursor = self.connection.cursor()
  File "C:\Projects\intell\.venv\Lib\site-packages\django\utils\asyncio.py", line 26, in inner
    return func(*args, **kwargs)
  File "C:\Projects\intell\.venv\Lib\site-packages\django\db\backends\base\base.py", line 320, in cursor
    return self._cursor()
           ~~~~~~~~~~~~^^
  File "C:\Projects\intell\.venv\Lib\site-packages\django\db\backends\base\base.py", line 296, in _cursor
    self.ensure_connection()
    ~~~~~~~~~~~~~~~~~~~~~~^^
  File "C:\Projects\intell\backend\apps\core\db\backends\postgresql\base.py", line 88, in ensure_connection
    raise DatabaseRetryExhaustedError(
    ...<4 lines>...
    )
apps.core.db.exceptions.DatabaseRetryExhaustedError: Failed to ensure database connection after 5 attempts (attempts=5, total_time=21.90s, last_error=OperationalError)
WARNING 2026-01-19 16:07:19,016 apps 32672 26564 Django apps not ready after 5.0s, skipping database check
INFO 2026-01-19 16:07:26,182 apps 31076 37684 Waiting for database connection (timeout: 30.0s)...
INFO 2026-01-19 16:07:26,235 apps 31076 37684 Database connection established successfully
WARNING 2026-01-19 16:07:55,915 runserver 31076 8340 [33mHTTP GET /static/admin/img/favicon.ico 404 [0.01, 127.0.0.1:62883][0m
WARNING 2026-01-19 16:08:23,088 runserver 31076 8340 [33mHTTP GET /.well-known/appspecific/com.chrome.devtools.json 404 [0.02, 127.0.0.1:62883][0m
WARNING 2026-01-19 16:08:35,540 runserver 31076 8340 [33mHTTP GET /.well-known/appspecific/com.chrome.devtools.json 404 [0.02, 127.0.0.1:62883][0m
WARNING 2026-01-19 16:08:41,065 runserver 31076 8340 [33mHTTP GET /.well-known/appspecific/com.chrome.devtools.json 404 [0.02, 127.0.0.1:62883][0m
WARNING 2026-01-19 16:08:48,956 runserver 31076 8340 [33mHTTP GET /.well-known/appspecific/com.chrome.devtools.json 404 [0.02, 127.0.0.1:62883][0m
WARNING 2026-01-20 09:59:43,670 apps 12116 14112 Django apps not ready after 5.0s, skipping database check
INFO 2026-01-20 09:59:59,695 apps 26580 22692 Waiting for database connection (timeout: 30.0s)...
WARNING 2026-01-20 10:00:42,457 apps 26580 22692 Database not available after 30.0s. Server will start but database operations may fail.
INFO 2026-01-20 10:01:13,971 apps 12640 26068 Waiting for database connection (timeout: 30.0s)...
INFO 2026-01-20 10:01:14,011 apps 12640 26068 Database connection established successfully
INFO 2026-01-20 10:01:17,553 apps 24472 12072 Waiting for database connection (timeout: 30.0s)...
INFO 2026-01-20 10:01:17,604 apps 24472 12072 Database connection established successfully
INFO 2026-01-20 10:29:09,484 apps 37008 20824 Waiting for database connection (timeout: 30.0s)...
INFO 2026-01-20 10:29:09,530 apps 37008 20824 Database connection established successfully
INFO 2026-01-20 10:29:13,299 apps 40300 33328 Waiting for database connection (timeout: 30.0s)...
INFO 2026-01-20 10:29:13,335 apps 40300 33328 Database connection established successfully
WARNING 2026-01-20 10:29:52,002 runserver 40300 27816 [31;1mHTTP GET /api/auth/me/ 403 [0.01, 127.0.0.1:53976][0m
